     1 00000000                                 [FORMAT "WCOFF"]
     2 00000000                                 [INSTRSET "i486p"]
     3 00000000                                 [OPTIMIZE 1]
     4 00000000                                 [OPTION 1]
     5 00000000                                 [BITS 32]
     6 00000000                                 	EXTERN	_api_getkey
     7 00000000                                 	EXTERN	_api_end
     8 00000000                                 	EXTERN	_api_putchar
     9 00000000                                 [FILE "a.c"]
    10                                          [SECTION .text]
    11 00000000                                 	GLOBAL	_HariMain
    12 00000000                                 _HariMain:
    13 00000000 55                              	PUSH	EBP
    14 00000001 89 E5                           	MOV	EBP,ESP
    15 00000003 53                              	PUSH	EBX
    16 00000004                                 L2:
    17 00000004 6A 00                           	PUSH	0
    18 00000006 E8 [00000000]                   	CALL	_api_getkey
    19 0000000B 5A                              	POP	EDX
    20 0000000C 88 C3                           	MOV	BL,AL
    21 0000000E 84 C0                           	TEST	AL,AL
    22 00000010 75 0E                           	JNE	L7
    23 00000012                                 L5:
    24 00000012 80 FB 0A                        	CMP	BL,10
    25 00000015 75 ED                           	JNE	L2
    26 00000017 8B 5D FC                        	MOV	EBX,DWORD [-4+EBP]
    27 0000001A C9                              	LEAVE
    28 0000001B E9 [00000000]                   	JMP	_api_end
    29 00000020                                 L7:
    30 00000020 0F BE C0                        	MOVSX	EAX,AL
    31 00000023 50                              	PUSH	EAX
    32 00000024 E8 [00000000]                   	CALL	_api_putchar
    33 00000029 58                              	POP	EAX
    34 0000002A EB E6                           	JMP	L5
